// Jest Snapshot v1, https://goo.gl/fbAQLP

exports[`<EditItems /> renders correctly 1`] = `
<DocumentFragment>
  <div
    class="sc-AxjAm ijPOYZ"
  >
    <button
      class="sc-AxirZ Hklfj"
      color="primary"
    >
      <svg>
        edit.svg
      </svg>
    </button>
    <button
      class="sc-AxirZ bUVRuD"
      color="secondary"
    >
      <svg>
        delete.svg
      </svg>
    </button>
  </div>
</DocumentFragment>
`;
